ARM Linker, 5.03 [Build 24] [MDK-ARM Lite]

==============================================================================

Section Cross References

    helloworld.o(MYCODE) refers to helloworld.o(CONSTANTS) for ZERO
    helloworld.o(CONSTANTS) refers to helloworld.o(VARIABLES) for variable1


==============================================================================

Image Symbol Table

    Local Symbols

    Symbol Name                              Value     Ov Type        Size  Object(Section)

    MYCODE                                   0x00000000   Section      228  helloworld.o(MYCODE)
    HelloWorld.s                             0x00000000   Number         0  helloworld.o ABSOLUTE
    CONSTANTS                                0x00000200   Section       76  helloworld.o(CONSTANTS)
    LEDS                                     0x00000200   Data           0  helloworld.o(CONSTANTS)
    CONSOLE                                  0x0000020c   Data           0  helloworld.o(CONSTANTS)
    CONSOLE_IN_valid                         0x00000210   Data           0  helloworld.o(CONSTANTS)
    CONSOLE_OUT_ready                        0x00000214   Data           0  helloworld.o(CONSTANTS)
    SEVENSEG                                 0x00000218   Data           0  helloworld.o(CONSTANTS)
    ZERO                                     0x0000021c   Data           0  helloworld.o(CONSTANTS)
    LSB_MASK                                 0x00000220   Data           0  helloworld.o(CONSTANTS)
    string1                                  0x00000230   Data           0  helloworld.o(CONSTANTS)
    stringptr                                0x00000248   Data           0  helloworld.o(CONSTANTS)
    VARIABLES                                0x00000800   Section        4  helloworld.o(VARIABLES)
    variable1                                0x00000800   Data           0  helloworld.o(VARIABLES)

    Global Symbols

    Symbol Name                              Value     Ov Type        Size  Object(Section)

    BuildAttributes$$THM_ISAv1$ARM_ISAv4$S$PE$A:L22$X:L11$S22$IEEE1$IW$USESV6$~STKCKD$USESV7$~SHL$OSPACE$EBA8$STANDARDLIB$PRES8$EABIv2 0x00000000   Number         0  anon$$obj.o ABSOLUTE



==============================================================================

Memory Map of the image

  Image Entry point : 0x00000000

  Load Region LR_1 (Base: 0x00000000, Size: 0x00000250, Max: 0xffffffff, ABSOLUTE)

    Execution Region ER_RO (Base: 0x00000000, Size: 0x0000024c, Max: 0xffffffff, ABSOLUTE)

    Base Addr    Size         Type   Attr      Idx    E Section Name        Object

    0x00000000   0x000000e4   Code   RO            1  * MYCODE              helloworld.o
    0x000000e4   0x0000011c   PAD
    0x00000200   0x0000004c   Data   RO            2    CONSTANTS           helloworld.o


    Execution Region ER_RW (Base: 0x00000800, Size: 0x00000004, Max: 0xffffffff, ABSOLUTE)

    Base Addr    Size         Type   Attr      Idx    E Section Name        Object

    0x00000800   0x00000004   Data   RW            3    VARIABLES           helloworld.o


    Execution Region ER_ZI (Base: 0x00000804, Size: 0x00000000, Max: 0xffffffff, ABSOLUTE)

    **** No section assigned to this execution region ****


==============================================================================

Image component sizes


      Code (inc. data)   RO Data    RW Data    ZI Data      Debug   Object Name

       228          0         76          4          0        272   helloworld.o

    ----------------------------------------------------------------------
       512          0         76          4          0        272   Object Totals
         0          0          0          0          0          0   (incl. Generated)
       284          0          0          0          0          0   (incl. Padding)

    ----------------------------------------------------------------------
         0          0          0          0          0          0   Library Totals
         0          0          0          0          0          0   (incl. Padding)

    ----------------------------------------------------------------------

==============================================================================


      Code (inc. data)   RO Data    RW Data    ZI Data      Debug   

       512          0         76          4          0        272   Grand Totals
       512          0         76          4          0        272   ELF Image Totals
       512          0         76          4          0          0   ROM Totals

==============================================================================

    Total RO  Size (Code + RO Data)                  588 (   0.57kB)
    Total RW  Size (RW Data + ZI Data)                 4 (   0.00kB)
    Total ROM Size (Code + RO Data + RW Data)        592 (   0.58kB)

==============================================================================

